
BASEML (in paml version 4.10.9, 7 May 2025)  tmp0001.txt  HKY85 dGamma (ncatG=5)
Frequencies..
                                    T      C      A      G
Branchiostoma_floridae         0.21280 0.22261 0.31149 0.25310 GC = 0.476
Homo_sapiens                   0.22147 0.22655 0.30166 0.25032 GC = 0.477
Capitella_teleta               0.22986 0.21708 0.31076 0.24229 GC = 0.459
Crassostrea_ariakensis         0.22766 0.20180 0.33175 0.23879 GC = 0.441
Crassostrea_gigas              0.22728 0.20148 0.33243 0.23882 GC = 0.440
Mytilus_coruscus               0.23967 0.18517 0.34075 0.23441 GC = 0.420
Patinopecten_yessoensis        0.22381 0.20820 0.32586 0.24213 GC = 0.450
Tegillarca_granosa             0.24143 0.18531 0.33891 0.23435 GC = 0.420
Cyclina_sinensis               0.23026 0.19571 0.33306 0.24096 GC = 0.437
Sinonovacula_constricta        0.22468 0.20846 0.32561 0.24125 GC = 0.450
Sinonovacula_rivularis         0.22497 0.20923 0.32459 0.24121 GC = 0.450
Pomacea_canaliculata           0.22711 0.21599 0.31206 0.24483 GC = 0.461
Nautilus_pompilius             0.23566 0.20231 0.32507 0.23696 GC = 0.439
Drosophila_melanogaster        0.22009 0.23143 0.30376 0.24472 GC = 0.476
Nematostella_vectensis         0.22544 0.21181 0.31952 0.24323 GC = 0.455

Homogeneity statistic: X2 = 0.02372 G = 0.02378 

Average                        0.22726 0.20853 0.32225 0.24195
(Ambiguity characters are used to calculate freqs.)


# constant sites:   2180 (0.58%)
Distances:HKY85 (kappa)  (alpha set at 0.50)
This matrix is not used in later m.l. analysis.

(Pairwise deletion.)
Branchiostoma_floridae  
Homo_sapiens      48.633527 ( 1.0836)
Capitella_teleta   29.769043 ( 1.2680) 51.779979 ( 1.2810)
Crassostrea_ariakensis   49.708208 ( 1.4894) 63.758762 ( 1.1713) 29.121902 ( 1.4861)
Crassostrea_gigas   38.829641 ( 1.3041) 66.970193 ( 1.3324) 25.711072 ( 1.2509)  0.754136 ( 1.0949)
Mytilus_coruscus   57.360719 ( 2.1920) 87.614565 ( 1.9739) 31.043613 ( 1.8622) 16.050207 ( 1.5683) 14.310841 ( 1.4752)
Patinopecten_yessoensis   42.950160 ( 1.5471) 46.734682 ( 1.2528) 22.710710 ( 1.3610) 13.615589 ( 1.3434) 10.025929 ( 1.3787) 18.080019 ( 1.7336)
Tegillarca_granosa   58.084571 ( 1.9371) 71.864830 ( 1.7470) 33.946389 ( 1.5693) 17.539189 ( 1.5292) 15.753058 ( 1.5405) 20.245641 ( 1.6294) 13.817213 ( 1.4584)
Cyclina_sinensis   52.560432 ( 1.5494) 71.329820 ( 1.6960) 28.985788 ( 1.5930) 18.697661 ( 1.3953) 15.332551 ( 1.4433) 24.697039 ( 1.7278) 15.440132 ( 1.4539) 21.246259 ( 1.6040)
Sinonovacula_constricta   51.580376 ( 1.2845) 63.476352 ( 1.2065) 28.967300 ( 1.3676) 18.156496 ( 1.3792) 18.052562 ( 1.3934) 22.880321 ( 1.6382) 18.247941 ( 1.2403) 23.144495 ( 1.5840)  7.374989 ( 1.3306)
Sinonovacula_rivularis   42.957211 ( 1.2284) 59.073991 ( 1.3406) 20.926105 ( 1.2211) 17.297904 ( 1.4870) 15.706837 ( 1.3576) 19.310997 ( 1.7253) 15.521426 ( 1.1773) 20.346629 ( 1.4895)  6.613441 ( 1.3310)  1.160299 ( 1.0441)
Pomacea_canaliculata   39.912090 ( 1.2730) 63.089687 ( 1.3077) 30.584592 ( 1.3857) 20.748626 ( 1.4624) 18.203931 ( 1.4395) 27.720907 ( 1.8072) 18.357322 ( 1.3522) 26.156441 ( 1.6171) 20.230836 ( 1.5889) 22.754894 ( 1.3455) 19.886236 ( 1.3158)
Nautilus_pompilius   40.795958 ( 1.3227) 67.931088 ( 1.2487) 32.161898 ( 1.5626) 17.868983 ( 1.5678) 16.227617 ( 1.5466) 32.161136 ( 1.7736) 18.133133 ( 1.3952) 27.364464 ( 1.6318) 22.591906 ( 1.4800) 20.375003 ( 1.5942) 16.359743 ( 1.4777) 21.348242 ( 1.2883)
Drosophila_melanogaster   57.225492 ( 1.0245) 67.792447 ( 0.9990) 55.890133 ( 0.9112) 59.416144 ( 1.1997) 55.905767 ( 1.0684) 97.927668 ( 1.7132) 54.432891 ( 1.0493) 83.982351 ( 1.4324) 67.109712 ( 1.1688) 61.003301 ( 0.9944) 45.223211 ( 0.8568) 62.738664 ( 1.0756) 59.177912 ( 0.9570)
Nematostella_vectensis   39.798367 ( 1.3937) 55.350468 ( 1.5373) 44.366381 ( 1.3413) 45.422743 ( 1.6095) 41.180793 ( 1.6310) 60.877537 ( 2.0852) 36.750170 ( 1.5264) 55.396201 ( 1.8214) 49.464832 ( 1.7921) 47.140332 ( 1.3684) 44.751266 ( 1.4653) 39.330593 ( 1.3162) 43.414545 ( 1.4064) 53.180532 ( 1.1493)

TREE #  1:  ((1, 2), ((3, ((((((4, 5), 6), (7, 8)), (9, (10, 11))), 12), 13)), 14), 15);  MP score: -1.00
lnL(ntime: 27  np: 29): -6773926.717262    +0.000000
  16..17   17..1    17..2    16..18   18..19   19..3    19..20   20..21   21..22   22..23   23..24   24..25   25..4    25..5    24..6    23..26   26..7    26..8    22..27   27..9    27..28   28..10   28..11   21..12   20..13   18..14   16..15 
 0.123106 1.266198 1.672726 0.090471 0.217103 1.176955 0.245194 0.049703 0.091655 0.122923 0.091944 0.599727 0.279150 0.170343 1.145959 0.107833 0.814530 1.096550 0.385423 0.748538 0.439865 0.343750 0.252881 1.176621 1.135537 1.796140 1.422597 1.089785 2.239560
SEs for parameters:
 0.009620 0.012018 0.013911 0.007793 0.007649 0.009044 0.006402 0.004624 0.004064 0.003773 0.004482 0.005482 0.002310 0.002140 0.007528 0.004715 0.006317 0.007648 0.004799 0.005190 0.004513 0.002773 0.002631 0.007755 0.008049 0.013831 0.011334 0.003324 0.011350

tree length =  17.06342

((Branchiostoma_floridae, Homo_sapiens), ((Capitella_teleta, ((((((Crassostrea_ariakensis, Crassostrea_gigas), Mytilus_coruscus), (Patinopecten_yessoensis, Tegillarca_granosa)), (Cyclina_sinensis, (Sinonovacula_constricta, Sinonovacula_rivularis))), Pomacea_canaliculata), Nautilus_pompilius)), Drosophila_melanogaster), Nematostella_vectensis);

((Branchiostoma_floridae: 1.266198, Homo_sapiens: 1.672726): 0.123106, ((Capitella_teleta: 1.176955, ((((((Crassostrea_ariakensis: 0.279150, Crassostrea_gigas: 0.170343): 0.599727, Mytilus_coruscus: 1.145959): 0.091944, (Patinopecten_yessoensis: 0.814530, Tegillarca_granosa: 1.096550): 0.107833): 0.122923, (Cyclina_sinensis: 0.748538, (Sinonovacula_constricta: 0.343750, Sinonovacula_rivularis: 0.252881): 0.439865): 0.385423): 0.091655, Pomacea_canaliculata: 1.176621): 0.049703, Nautilus_pompilius: 1.135537): 0.245194): 0.217103, Drosophila_melanogaster: 1.796140): 0.090471, Nematostella_vectensis: 1.422597);

Detailed output identifying parameters

Parameters (kappa) in the rate matrix (HKY85) (Yang 1994 J Mol Evol 39:105-111):
  1.08979

alpha (gamma, K=5) =  2.23956
rate:   0.28158  0.57559  0.85885  1.22697  2.05701
freq:   0.20000  0.20000  0.20000  0.20000  0.20000

