Building DAG of jobs...
Using shell: /usr/bin/bash
Provided cores: 32
Rules claiming more threads will be scaled down.
Job stats:
job                     count
--------------------  -------
all                         1
concat_supermatrix          1
iqtree_concat_tree          1
publish_aphylo_ready        1
report_matrix               1
total                       5

Select jobs to execute...

[Thu Nov  6 01:33:02 2025]
rule concat_supermatrix:
    input: results/reports/.sco_filelist.done
    output: results/supermatrix/supermatrix.faa, results/supermatrix/.supermatrix.done
    log: logs/concat_supermatrix.log
    jobid: 4
    reason: Missing output files: results/supermatrix/.supermatrix.done
    resources: tmpdir=/tmp

set -euo pipefail
        mkdir -p "$(dirname logs/concat_supermatrix.log)" "results/supermatrix"
        python scripts/07_concat_supermatrix.py 2>&1 | tee -a logs/concat_supermatrix.log
        
[Thu Nov  6 01:33:02 2025]
Finished job 4.
1 of 5 steps (20%) done
Select jobs to execute...

[Thu Nov  6 01:33:02 2025]
rule iqtree_concat_tree:
    input: results/supermatrix/.supermatrix.done
    output: results/trees/species_tree.nwk, results/trees/.iqtree.done
    log: logs/iqtree_concat_tree.log
    jobid: 3
    reason: Missing output files: results/trees/.iqtree.done; Input files updated by another job: results/supermatrix/.supermatrix.done
    resources: tmpdir=/tmp

set -euo pipefail
        mkdir -p "$(dirname logs/iqtree_concat_tree.log)" "results/trees"
        python scripts/08_iqtree_concat.py 2>&1 | tee -a logs/iqtree_concat_tree.log
        
[Thu Nov  6 04:47:21 2025]
Finished job 3.
2 of 5 steps (40%) done
Select jobs to execute...

[Thu Nov  6 04:47:21 2025]
rule report_matrix:
    input: results/trees/.iqtree.done
    output: results/reports/matrix.tsv, results/reports/.matrix.done
    log: logs/report_matrix.log
    jobid: 2
    reason: Missing output files: results/reports/.matrix.done; Input files updated by another job: results/trees/.iqtree.done
    resources: tmpdir=/tmp

set -euo pipefail
        mkdir -p "$(dirname logs/report_matrix.log)" "results/reports"
        python scripts/09_report_matrix.py 2>&1 | tee -a logs/report_matrix.log
        
[Thu Nov  6 04:47:21 2025]
Finished job 2.
3 of 5 steps (60%) done
Select jobs to execute...

[Thu Nov  6 04:47:21 2025]
rule publish_aphylo_ready:
    input: results/reports/.matrix.done
    output: results/publish/aphylo_ready/.publish.done
    log: logs/publish_aphylo_ready.log
    jobid: 1
    reason: Missing output files: results/publish/aphylo_ready/.publish.done; Input files updated by another job: results/reports/.matrix.done
    resources: tmpdir=/tmp

set -euo pipefail
        mkdir -p "$(dirname logs/publish_aphylo_ready.log)" "results/publish/aphylo_ready"
        python scripts/10_publish_aphylo_ready.py 2>&1 | tee -a logs/publish_aphylo_ready.log
        touch results/publish/aphylo_ready/.publish.done
        
[Thu Nov  6 04:47:22 2025]
Finished job 1.
4 of 5 steps (80%) done
Select jobs to execute...

[Thu Nov  6 04:47:22 2025]
localrule all:
    input: results/publish/aphylo_ready/.publish.done, results/reports/.matrix.done, results/trees/.iqtree.done, results/supermatrix/.supermatrix.done
    jobid: 0
    reason: Input files updated by another job: results/trees/.iqtree.done, results/supermatrix/.supermatrix.done, results/reports/.matrix.done, results/publish/aphylo_ready/.publish.done
    resources: tmpdir=/tmp

[Thu Nov  6 04:47:22 2025]
Finished job 0.
5 of 5 steps (100%) done
Complete log: .snakemake/log/2025-11-06T013302.436242.snakemake.log
