Building DAG of jobs...
Using shell: /usr/bin/bash
Provided cores: 32
Rules claiming more threads will be scaled down.
Job stats:
job                            count
---------------------------  -------
all                                1
build_proteomes_from_gff           1
build_sco_keep_list                1
collapse_headers_to_species        1
collapse_isoforms                  1
concat_supermatrix                 1
filter_alignments_by_sco           1
iqtree_concat_tree                 1
normalize_all_msas                 1
orthofinder_run                    1
prepare_trimmed_alignment          1
publish_aphylo_ready               1
rename_proteome_headers            1
report_matrix                      1
total                             14

Select jobs to execute...

[Thu Nov  6 00:12:12 2025]
rule build_proteomes_from_gff:
    output: data/proteomes/.from_gff.done
    log: logs/build_proteomes_from_gff.log
    jobid: 13
    reason: Missing output files: data/proteomes/.from_gff.done
    resources: tmpdir=/tmp

set -euo pipefail
        mkdir -p "$(dirname logs/build_proteomes_from_gff.log)" "data/proteomes" "data/cds"
        python scripts/extract_longest_from_gff.py 2>&1 | tee -a logs/build_proteomes_from_gff.log
        touch data/proteomes/.from_gff.done
        
[Thu Nov  6 00:58:55 2025]
Finished job 13.
1 of 14 steps (7%) done
Select jobs to execute...

[Thu Nov  6 00:58:55 2025]
rule rename_proteome_headers:
    input: data/proteomes/.from_gff.done
    output: data/proteomes/.headers_norm.done
    log: logs/rename_proteome_headers.log
    jobid: 12
    reason: Missing output files: data/proteomes/.headers_norm.done; Input files updated by another job: data/proteomes/.from_gff.done
    resources: tmpdir=/tmp

set -euo pipefail
        mkdir -p "$(dirname logs/rename_proteome_headers.log)"
        python scripts/rename_proteome_headers.py 2>&1 | tee -a logs/rename_proteome_headers.log
        touch data/proteomes/.headers_norm.done
        
[Thu Nov  6 00:58:56 2025]
Finished job 12.
2 of 14 steps (14%) done
Select jobs to execute...

[Thu Nov  6 00:58:56 2025]
rule orthofinder_run:
    input: data/proteomes/.headers_norm.done
    output: results/orthofinder/.OF_DONE
    log: logs/orthofinder.log
    jobid: 11
    reason: Missing output files: results/orthofinder/.OF_DONE; Input files updated by another job: data/proteomes/.headers_norm.done
    resources: tmpdir=/tmp

set -euo pipefail
        mkdir -p "$(dirname logs/orthofinder.log)"
        python scripts/00_of_run.py 2>&1 | tee -a logs/orthofinder.log
        touch results/orthofinder/.OF_DONE
        
[Thu Nov  6 01:26:08 2025]
Finished job 11.
3 of 14 steps (21%) done
Select jobs to execute...

[Thu Nov  6 01:26:08 2025]
rule build_sco_keep_list:
    input: results/orthofinder/.OF_DONE
    output: results/reports/ogs_selected.list, results/reports/.ogs_selected.done
    log: logs/build_sco_keep_list.log
    jobid: 10
    reason: Missing output files: results/reports/.ogs_selected.done; Input files updated by another job: results/orthofinder/.OF_DONE
    resources: tmpdir=/tmp

set -euo pipefail
        mkdir -p "$(dirname logs/build_sco_keep_list.log)" "results/reports"
        python scripts/01_build_sco_keep_list.py 2>&1 | tee -a logs/build_sco_keep_list.log
        
[Thu Nov  6 01:26:08 2025]
Finished job 10.
4 of 14 steps (29%) done
Select jobs to execute...

[Thu Nov  6 01:26:08 2025]
rule prepare_trimmed_alignment:
    input: results/reports/.ogs_selected.done
    output: results/trim_norm/.done
    log: logs/prepare_trimmed_alignment.log
    jobid: 9
    reason: Missing output files: results/trim_norm/.done; Input files updated by another job: results/reports/.ogs_selected.done
    resources: tmpdir=/tmp

set -euo pipefail
        mkdir -p "$(dirname logs/prepare_trimmed_alignment.log)" "results/trim_norm"
        python scripts/02_prepare_trimmed_alignment.py 2>&1 | tee -a logs/prepare_trimmed_alignment.log
        
[Thu Nov  6 01:26:08 2025]
Finished job 9.
5 of 14 steps (36%) done
Select jobs to execute...

[Thu Nov  6 01:26:08 2025]
rule normalize_all_msas:
    input: results/trim_norm/.done
    output: results/trim_norm/.norm.done, results/reports/header_map.tsv
    log: logs/normalize_msas.log
    jobid: 8
    reason: Missing output files: results/trim_norm/.norm.done; Input files updated by another job: results/trim_norm/.done
    resources: tmpdir=/tmp

set -euo pipefail
        mkdir -p "$(dirname logs/normalize_msas.log)" "results/trim_norm" "results/reports"
        python scripts/03_normalize_msas.py 2>&1 | tee -a logs/normalize_msas.log
        
[Thu Nov  6 01:26:08 2025]
Finished job 8.
6 of 14 steps (43%) done
Select jobs to execute...

[Thu Nov  6 01:26:08 2025]
rule collapse_isoforms:
    input: results/trim_norm/.norm.done
    output: results/trim_norm_collapse/.done, results/reports/og_species_protein.tsv
    log: logs/collapse_isoforms.log
    jobid: 7
    reason: Missing output files: results/trim_norm_collapse/.done; Input files updated by another job: results/trim_norm/.norm.done
    resources: tmpdir=/tmp

set -euo pipefail
        mkdir -p "$(dirname logs/collapse_isoforms.log)" "results/trim_norm_collapse" "results/reports"
        python scripts/04_collapse_isoforms.py 2>&1 | tee -a logs/collapse_isoforms.log
        
[Thu Nov  6 01:26:09 2025]
Finished job 7.
7 of 14 steps (50%) done
Select jobs to execute...

[Thu Nov  6 01:26:09 2025]
rule collapse_headers_to_species:
    input: results/trim_norm_collapse/.done
    output: results/trim_norm_collapse_sco/.done
    log: logs/collapse_headers_to_species.log
    jobid: 6
    reason: Missing output files: results/trim_norm_collapse_sco/.done; Input files updated by another job: results/trim_norm_collapse/.done
    resources: tmpdir=/tmp

set -euo pipefail
        mkdir -p "$(dirname logs/collapse_headers_to_species.log)" "results/trim_norm_collapse_sco"
        python scripts/05_collapse_headers_to_species.py 2>&1 | tee -a logs/collapse_headers_to_species.log
        
[Thu Nov  6 01:26:09 2025]
Finished job 6.
8 of 14 steps (57%) done
Select jobs to execute...

[Thu Nov  6 01:26:09 2025]
rule filter_alignments_by_sco:
    input: results/trim_norm_collapse_sco/.done, results/reports/.ogs_selected.done
    output: results/reports/sco_filelist.txt, results/reports/.sco_filelist.done
    log: logs/filter_alignments_by_sco.log
    jobid: 5
    reason: Missing output files: results/reports/.sco_filelist.done; Input files updated by another job: results/reports/.ogs_selected.done, results/trim_norm_collapse_sco/.done
    resources: tmpdir=/tmp

set -euo pipefail
        mkdir -p "$(dirname logs/filter_alignments_by_sco.log)" "results/reports"
        python scripts/06_filter_alignments_by_sco.py 2>&1 | tee -a logs/filter_alignments_by_sco.log
        
[Thu Nov  6 01:26:09 2025]
Finished job 5.
9 of 14 steps (64%) done
Select jobs to execute...

[Thu Nov  6 01:26:09 2025]
rule concat_supermatrix:
    input: results/reports/.sco_filelist.done
    output: results/supermatrix/supermatrix.faa, results/supermatrix/.supermatrix.done
    log: logs/concat_supermatrix.log
    jobid: 4
    reason: Missing output files: results/supermatrix/.supermatrix.done; Input files updated by another job: results/reports/.sco_filelist.done
    resources: tmpdir=/tmp

set -euo pipefail
        mkdir -p "$(dirname logs/concat_supermatrix.log)" "results/supermatrix"
        python scripts/07_concat_supermatrix.py 2>&1 | tee -a logs/concat_supermatrix.log
        
[Thu Nov  6 01:26:09 2025]
Finished job 4.
10 of 14 steps (71%) done
Select jobs to execute...

[Thu Nov  6 01:26:09 2025]
rule iqtree_concat_tree:
    input: results/supermatrix/.supermatrix.done
    output: results/trees/species_tree.nwk, results/trees/.iqtree.done
    log: logs/iqtree_concat_tree.log
    jobid: 3
    reason: Missing output files: results/trees/.iqtree.done; Input files updated by another job: results/supermatrix/.supermatrix.done
    resources: tmpdir=/tmp

set -euo pipefail
        mkdir -p "$(dirname logs/iqtree_concat_tree.log)" "results/trees"
        python scripts/08_iqtree_concat.py 2>&1 | tee -a logs/iqtree_concat_tree.log
        
Terminating processes on user request, this might take some time.
[Thu Nov  6 01:26:26 2025]
Error in rule iqtree_concat_tree:
    jobid: 3
    input: results/supermatrix/.supermatrix.done
    output: results/trees/species_tree.nwk, results/trees/.iqtree.done
    log: logs/iqtree_concat_tree.log (check log file(s) for error details)
    shell:
        set -euo pipefail
        mkdir -p "$(dirname logs/iqtree_concat_tree.log)" "results/trees"
        python scripts/08_iqtree_concat.py 2>&1 | tee -a logs/iqtree_concat_tree.log
        
        (one of the commands exited with non-zero exit code; note that snakemake uses bash strict mode!)

Complete log: .snakemake/log/2025-11-06T001212.679779.snakemake.log
